[1201:1201:0405/013635.670601:VERBOSE1:drm_device_handle.cc(94)] Succeeded authenticating /dev/dri/card0 in 3 ms with 1 attempt(s)
[1201:1481:0405/013636.214834:WARNING:accelerometer_reader.cc(333)] Accelerometer device directory is empty at /dev/cros-ec-accel
[1489:1505:0405/053636.237289:VERBOSE1:drm_device_manager.cc(59)] Primary DRM device added: /sys/devices/pci0000:00/0000:00:02.0/drm/card0
[1201:1481:0405/013636.315780:WARNING:accelerometer_reader.cc(333)] Accelerometer device directory is empty at /dev/cros-ec-accel
[1201:1481:0405/013636.416837:WARNING:accelerometer_reader.cc(333)] Accelerometer device directory is empty at /dev/cros-ec-accel
[1201:1483:0405/013636.517493:WARNING:accelerometer_reader.cc(333)] Accelerometer device directory is empty at /dev/cros-ec-accel
[1201:1484:0405/013636.617990:WARNING:accelerometer_reader.cc(333)] Accelerometer device directory is empty at /dev/cros-ec-accel
[1201:1481:0405/013636.718355:WARNING:accelerometer_reader.cc(333)] Accelerometer device directory is empty at /dev/cros-ec-accel
[1201:1201:0405/013636.729085:ERROR:input_method_manager_impl.cc(1088)] IMEEngine for "jkghodnilhceideoidjikpgommlajknk" is not registered
[1201:1481:0405/013636.818859:WARNING:accelerometer_reader.cc(333)] Accelerometer device directory is empty at /dev/cros-ec-accel
[1201:1201:0405/013636.904582:VERBOSE1:modeller_impl.cc(357)] Auto screen brightness model dir: /home/chronos/Default/autobrightness
[1201:1522:0405/013636.931101:WARNING:accelerometer_reader.cc(333)] Accelerometer device directory is empty at /dev/cros-ec-accel
[1201:1201:0405/013636.938598:VERBOSE1:drm_display_host_manager.cc(250)] Got display event ADD for /dev/dri/card0
[1201:1201:0405/013636.941759:VERBOSE1:drm_display_host_manager.cc(250)] Got display event ADD for /dev/dri/card1
[1201:1462:0405/013636.942068:VERBOSE1:drm_device_handle.cc(94)] Succeeded authenticating /dev/dri/card1 in 0 ms with 1 attempt(s)
[1201:1201:0405/013636.945581:VERBOSE1:tablet_mode_controller.cc(479)] Lid event received: 0
[1201:1201:0405/013636.945740:VERBOSE1:tablet_mode_controller.cc(493)] Tablet mode event received: 2
[1201:1462:0405/013637.031547:WARNING:accelerometer_reader.cc(333)] Accelerometer device directory is empty at /dev/cros-ec-accel
[1201:1201:0405/013637.067866:ERROR:object_proxy.cc(619)] Failed to call method: org.chromium.OobeConfigRestore.ProcessAndGetOobeAutoConfig: object_path= /org/chromium/OobeConfigRestore: org.freedesktop.DBus.Error.ServiceUnknown: The name org.chromium.OobeConfigRestore was not provided by any .service files
[1201:1485:0405/013637.132151:WARNING:accelerometer_reader.cc(333)] Accelerometer device directory is empty at /dev/cros-ec-accel
[1201:1201:0405/013637.175130:ERROR:proximity_auth_local_state_pref_manager.cc(142)] Failed to find prefs for current user.
[1201:1201:0405/013637.175215:ERROR:proximity_auth_local_state_pref_manager.cc(75)] Failed to get easyunlock_allowed.
[1201:1201:0405/013637.175258:ERROR:proximity_auth_local_state_pref_manager.cc(142)] Failed to find prefs for current user.
[1201:1201:0405/013637.176580:VERBOSE2:existing_user_controller.cc(1430)] Autologin account in prefs: 
[1201:1201:0405/013637.176662:VERBOSE2:existing_user_controller.cc(1451)] PublicSession autologin user not found
[1201:1201:0405/013637.176708:VERBOSE2:existing_user_controller.cc(1464)] ARC Kiosk autologin user not found
[1201:1201:0405/013637.176766:VERBOSE2:existing_user_controller.cc(1509)] Stopping autologin timer that is not running
[1201:1201:0405/013637.176811:ERROR:proximity_auth_local_state_pref_manager.cc(142)] Failed to find prefs for current user.
[1201:1201:0405/013637.176856:ERROR:proximity_auth_local_state_pref_manager.cc(75)] Failed to get easyunlock_allowed.
[1201:1201:0405/013637.176899:ERROR:proximity_auth_local_state_pref_manager.cc(142)] Failed to find prefs for current user.
[1201:1201:0405/013637.182757:VERBOSE1:component_updater_service.cc(91)] CrxUpdateService starting up. First update attempt will take place in 360 seconds. Next update attempt will take place in 18000 seconds. 
[1201:1201:0405/013637.196834:VERBOSE1:tablet_mode_controller.cc(561)] Touchpad device configuration changed.
[1201:1485:0405/013637.233358:WARNING:accelerometer_reader.cc(333)] Accelerometer device directory is empty at /dev/cros-ec-accel
[1201:1522:0405/013637.333936:WARNING:accelerometer_reader.cc(333)] Accelerometer device directory is empty at /dev/cros-ec-accel
[1201:1462:0405/013637.436610:WARNING:accelerometer_reader.cc(333)] Accelerometer device directory is empty at /dev/cros-ec-accel
[1201:1482:0405/013637.541114:WARNING:accelerometer_reader.cc(333)] Accelerometer device directory is empty at /dev/cros-ec-accel
[1489:1505:0405/053637.551220:VERBOSE1:drm_device_manager.cc(54)] Could not initialize DRM device for /sys/devices/platform/vgem/drm/card1
[1201:1482:0405/013637.660925:WARNING:accelerometer_reader.cc(333)] Accelerometer device directory is empty at /dev/cros-ec-accel
[1201:1482:0405/013637.766389:WARNING:accelerometer_reader.cc(333)] Accelerometer device directory is empty at /dev/cros-ec-accel
[1201:1462:0405/013637.867523:WARNING:accelerometer_reader.cc(333)] Accelerometer device directory is empty at /dev/cros-ec-accel
[1201:1482:0405/013637.969282:WARNING:accelerometer_reader.cc(333)] Accelerometer device directory is empty at /dev/cros-ec-accel
[1201:1201:0405/013638.069224:ERROR:device_event_log_impl.cc(162)] [01:36:38.069] USB: usb_service_linux.cc:245 Got duplicate add event for path: /dev/bus/usb/001/003
[1201:1462:0405/013638.074105:WARNING:accelerometer_reader.cc(333)] Accelerometer device directory is empty at /dev/cros-ec-accel
[1201:1201:0405/013638.081076:ERROR:device_event_log_impl.cc(162)] [01:36:38.081] USB: usb_service_linux.cc:245 Got duplicate add event for path: /dev/bus/usb/001/002
[1201:1462:0405/013638.182413:WARNING:accelerometer_reader.cc(333)] Accelerometer device directory is empty at /dev/cros-ec-accel
[1201:1485:0405/013638.288481:WARNING:accelerometer_reader.cc(333)] Accelerometer device directory is empty at /dev/cros-ec-accel
[1201:1482:0405/013638.390517:WARNING:accelerometer_reader.cc(333)] Accelerometer device directory is empty at /dev/cros-ec-accel
[1201:1201:0405/013638.399311:WARNING:CONSOLE(0)] "HTML Imports is deprecated and will be removed in M80, around February 2020. Please use ES modules instead. See https://www.chromestatus.com/features/5144752345317376 and https://developers.google.com/web/updates/2019/07/web-components-time-to-upgrade for more details.", source:  (0)
[1201:1484:0405/013638.492597:WARNING:accelerometer_reader.cc(333)] Accelerometer device directory is empty at /dev/cros-ec-accel
[1201:1485:0405/013638.596789:WARNING:accelerometer_reader.cc(333)] Accelerometer device directory is empty at /dev/cros-ec-accel
[1201:1462:0405/013638.706127:WARNING:accelerometer_reader.cc(333)] Accelerometer device directory is empty at /dev/cros-ec-accel
[1201:1484:0405/013638.807169:WARNING:accelerometer_reader.cc(333)] Accelerometer device directory is empty at /dev/cros-ec-accel
[1201:1462:0405/013638.908426:WARNING:accelerometer_reader.cc(333)] Accelerometer device directory is empty at /dev/cros-ec-accel
[1201:1461:0405/013639.009603:WARNING:accelerometer_reader.cc(333)] Accelerometer device directory is empty at /dev/cros-ec-accel
[1201:1461:0405/013639.109951:WARNING:accelerometer_reader.cc(333)] Accelerometer device directory is empty at /dev/cros-ec-accel
[1201:1461:0405/013639.210397:WARNING:accelerometer_reader.cc(333)] Accelerometer device directory is empty at /dev/cros-ec-accel
[1201:1201:0405/013639.296855:VERBOSE1:tablet_mode_controller.cc(837)] Bluetooth device configuration changed.
[1201:1201:0405/013639.296947:ERROR:proximity_auth_local_state_pref_manager.cc(142)] Failed to find prefs for current user.
[1201:1201:0405/013639.296998:ERROR:proximity_auth_local_state_pref_manager.cc(75)] Failed to get easyunlock_allowed.
[1201:1201:0405/013639.297066:ERROR:proximity_auth_local_state_pref_manager.cc(142)] Failed to find prefs for current user.
[1201:1201:0405/013639.297138:ERROR:proximity_auth_local_state_pref_manager.cc(142)] Failed to find prefs for current user.
[1201:1201:0405/013639.297194:ERROR:proximity_auth_local_state_pref_manager.cc(87)] Failed to get easyunlock_enabled.
[1201:1201:0405/013639.303269:VERBOSE1:tablet_mode_controller.cc(837)] Bluetooth device configuration changed.
[1201:1201:0405/013639.308527:ERROR:device_event_log_impl.cc(162)] [01:36:39.308] Bluetooth: bluetooth_adapter_bluez.cc:1918 Setting long term keys failed: error: org.bluez.Error.Failed - Server-side blocked LTK is disabled
[1201:2401:0405/013639.311805:WARNING:accelerometer_reader.cc(333)] Accelerometer device directory is empty at /dev/cros-ec-accel
[1489:1505:0405/053639.338418:VERBOSE1:drm_display.cc(105)] DRM configuring: device=/sys/devices/pci0000:00/0000:00:02.0/drm/card0 crtc=39 connector=61 origin=0,0 size=1366x768
[1201:2400:0405/013639.425451:WARNING:accelerometer_reader.cc(333)] Accelerometer device directory is empty at /dev/cros-ec-accel
[1201:1201:0405/013639.449668:WARNING:CONSOLE(442)] "document.registerElement is deprecated and will be removed in M80, around February 2020. Please use window.customElements.define instead. See https://www.chromestatus.com/features/4642138092470272 and https://developers.google.com/web/updates/2019/07/web-components-time-to-upgrade for more details.", source: chrome://resources/polymer/v1_0/polymer/polymer-micro-extracted.js (442)
[1201:2400:0405/013639.526336:WARNING:accelerometer_reader.cc(333)] Accelerometer device directory is empty at /dev/cros-ec-accel
[1201:2400:0405/013639.626690:WARNING:accelerometer_reader.cc(333)] Accelerometer device directory is empty at /dev/cros-ec-accel
[1201:2405:0405/013639.727207:WARNING:accelerometer_reader.cc(333)] Accelerometer device directory is empty at /dev/cros-ec-accel
[1201:2405:0405/013639.828151:WARNING:accelerometer_reader.cc(333)] Accelerometer device directory is empty at /dev/cros-ec-accel
[1201:2405:0405/013639.929286:WARNING:accelerometer_reader.cc(333)] Accelerometer device directory is empty at /dev/cros-ec-accel
[1201:2400:0405/013640.029686:WARNING:accelerometer_reader.cc(333)] Accelerometer device directory is empty at /dev/cros-ec-accel
[1201:1484:0405/013640.130021:WARNING:accelerometer_reader.cc(333)] Accelerometer device directory is empty at /dev/cros-ec-accel
[1201:2405:0405/013640.230521:WARNING:accelerometer_reader.cc(333)] Accelerometer device directory is empty at /dev/cros-ec-accel
[1201:2405:0405/013640.330866:WARNING:accelerometer_reader.cc(333)] Accelerometer device directory is empty at /dev/cros-ec-accel
[1201:2405:0405/013640.432088:WARNING:accelerometer_reader.cc(333)] Accelerometer device directory is empty at /dev/cros-ec-accel
[1201:1201:0405/013640.454371:WARNING:CONSOLE(2083)] "Element.createShadowRoot is deprecated and will be removed in M80, around February 2020. Please use Element.attachShadow instead. See https://www.chromestatus.com/features/4507242028072960 and https://developers.google.com/web/updates/2019/07/web-components-time-to-upgrade for more details.", source: chrome://resources/polymer/v1_0/polymer/polymer-mini-extracted.js (2083)
[1201:2405:0405/013640.533190:WARNING:accelerometer_reader.cc(333)] Accelerometer device directory is empty at /dev/cros-ec-accel
[1201:2405:0405/013640.633600:WARNING:accelerometer_reader.cc(333)] Accelerometer device directory is empty at /dev/cros-ec-accel
[1201:2405:0405/013640.733951:WARNING:accelerometer_reader.cc(333)] Accelerometer device directory is empty at /dev/cros-ec-accel
[1201:2405:0405/013640.834661:WARNING:accelerometer_reader.cc(333)] Accelerometer device directory is empty at /dev/cros-ec-accel
[1201:2405:0405/013640.935484:WARNING:accelerometer_reader.cc(333)] Accelerometer device directory is empty at /dev/cros-ec-accel
[1201:2405:0405/013641.035893:WARNING:accelerometer_reader.cc(333)] Accelerometer device directory is empty at /dev/cros-ec-accel
[1201:2405:0405/013641.137138:WARNING:accelerometer_reader.cc(333)] Accelerometer device directory is empty at /dev/cros-ec-accel
[1201:2405:0405/013641.237769:WARNING:accelerometer_reader.cc(333)] Accelerometer device directory is empty at /dev/cros-ec-accel
[1201:2405:0405/013641.237862:ERROR:accelerometer_reader.cc(321)] Failed to initialize for accelerometer read.

[1201:1201:0405/013641.570831:WARNING:CONSOLE(2651)] "Could not find style data in module named", source: chrome://resources/polymer/v1_0/polymer/polymer-extracted.js (2651)
[1201:1201:0405/013641.592279:WARNING:CONSOLE(2651)] "Could not find style data in module named", source: chrome://resources/polymer/v1_0/polymer/polymer-extracted.js (2651)
[1201:1201:0405/013641.728333:WARNING:CONSOLE(2651)] "Could not find style data in module named", source: chrome://resources/polymer/v1_0/polymer/polymer-extracted.js (2651)
[1201:1201:0405/013648.601431:VERBOSE2:existing_user_controller.cc(1509)] Stopping autologin timer that is not running
[1201:1201:0405/013648.602289:VERBOSE2:existing_user_controller.cc(1773)] DoLogin with a user type: 0
[1201:1201:0405/013648.602371:VERBOSE2:existing_user_controller.cc(1509)] Stopping autologin timer that is not running
[1201:1201:0405/013648.602415:VERBOSE1:existing_user_controller.cc(596)] Setting flow from PerformLogin
[1201:1201:0405/013648.606186:ERROR:proximity_auth_local_state_pref_manager.cc(142)] Failed to find prefs for current user.
[1201:1201:0405/013648.606260:ERROR:proximity_auth_local_state_pref_manager.cc(87)] Failed to get easyunlock_enabled.
[1201:1201:0405/013649.696554:ERROR:device_event_log_impl.cc(162)] [01:36:49.696] Login: cryptohome_authenticator.cc:207 MountEx failed. Error: 2
[1201:1201:0405/013649.696646:ERROR:device_event_log_impl.cc(162)] [01:36:49.696] Login: cryptohome_authenticator.cc:1042 Cryptohome failure: state(AuthState)=2, code(cryptohome::MountError)=2
[1201:1201:0405/013649.696838:ERROR:device_event_log_impl.cc(162)] [01:36:49.696] Login: cryptohome_authenticator.cc:813 Login failed: Could not mount cryptohome.
[1201:1201:0405/013649.696903:ERROR:login_performer.cc(61)] Login failure, reason=1, error.state=0
[1201:1201:0405/013649.696984:VERBOSE1:existing_user_controller.cc(1581)] Could not mount cryptohome.
[1201:1201:0405/013649.697086:ERROR:core_oobe_handler.cc(234)] CoreOobeHandler::ShowSignInError: error_text=Sorry, your password could not be verified. Please try again.
Hit Control-Shift-Space to switch keyboard layout.
[1201:1201:0405/013649.697215:VERBOSE2:existing_user_controller.cc(1541)] Not starting autologin timer, because:
[1201:1201:0405/013649.697285:VERBOSE2:existing_user_controller.cc(1544)] * No valid autologin account;
[1201:1201:0405/013655.989174:VERBOSE2:existing_user_controller.cc(1509)] Stopping autologin timer that is not running
[1201:1201:0405/013655.990218:VERBOSE2:existing_user_controller.cc(1773)] DoLogin with a user type: 0
[1201:1201:0405/013655.990314:VERBOSE2:existing_user_controller.cc(1509)] Stopping autologin timer that is not running
[1201:1201:0405/013655.990373:VERBOSE1:existing_user_controller.cc(596)] Setting flow from PerformLogin
[1201:1201:0405/013655.991081:ERROR:proximity_auth_local_state_pref_manager.cc(142)] Failed to find prefs for current user.
[1201:1201:0405/013655.991167:ERROR:proximity_auth_local_state_pref_manager.cc(87)] Failed to get easyunlock_enabled.
[1201:1201:0405/013656.999190:ERROR:device_event_log_impl.cc(162)] [01:36:56.999] Login: cryptohome_authenticator.cc:207 MountEx failed. Error: 2
[1201:1201:0405/013656.999291:ERROR:device_event_log_impl.cc(162)] [01:36:56.999] Login: cryptohome_authenticator.cc:1042 Cryptohome failure: state(AuthState)=2, code(cryptohome::MountError)=2
[1201:1201:0405/013656.999412:ERROR:device_event_log_impl.cc(162)] [01:36:56.999] Login: cryptohome_authenticator.cc:813 Login failed: Could not mount cryptohome.
[1201:1201:0405/013656.999467:ERROR:login_performer.cc(61)] Login failure, reason=1, error.state=0
[1201:1201:0405/013656.999550:VERBOSE1:existing_user_controller.cc(1581)] Could not mount cryptohome.
[1201:1201:0405/013656.999629:ERROR:core_oobe_handler.cc(234)] CoreOobeHandler::ShowSignInError: error_text=Sorry, your password could not be verified. Please try again.
Hit Control-Shift-Space to switch keyboard layout.
[1201:1201:0405/013656.999750:VERBOSE2:existing_user_controller.cc(1541)] Not starting autologin timer, because:
[1201:1201:0405/013656.999974:VERBOSE2:existing_user_controller.cc(1544)] * No valid autologin account;
[1201:1201:0405/013700.101392:VERBOSE2:existing_user_controller.cc(1509)] Stopping autologin timer that is not running
[1201:1201:0405/013700.102295:VERBOSE2:existing_user_controller.cc(1773)] DoLogin with a user type: 0
[1201:1201:0405/013700.102450:VERBOSE2:existing_user_controller.cc(1509)] Stopping autologin timer that is not running
[1201:1201:0405/013700.102551:VERBOSE1:existing_user_controller.cc(596)] Setting flow from PerformLogin
[1201:1201:0405/013700.103226:ERROR:proximity_auth_local_state_pref_manager.cc(142)] Failed to find prefs for current user.
[1201:1201:0405/013700.103277:ERROR:proximity_auth_local_state_pref_manager.cc(87)] Failed to get easyunlock_enabled.
[1201:1201:0405/013701.192221:VERBOSE2:existing_user_controller.cc(1509)] Stopping autologin timer that is not running
[1201:1201:0405/013701.192336:WARNING:logging.cc(76)] Redirecting post-login logging to /home/chronos/user/log/chrome/
[1201:1201:0405/013701.267566:VERBOSE1:account_manager.cc(159)] AccountManager::Initialize
[1201:2400:0405/013701.267723:VERBOSE1:account_manager.cc(192)] AccountManager::LoadTokensFromDisk
[1:1:0405/013724.484229:ERROR:chromeos_merge_session_loader_throttle.cc(75)] Merge session loader throttle timeout.
[1489:1505:0405/053727.175689:WARNING:screen_manager.cc(112)] Display controller (crtc=39) already present.
[1489:1505:0405/053727.176799:VERBOSE1:drm_display.cc(105)] DRM configuring: device=/sys/devices/pci0000:00/0000:00:02.0/drm/card0 crtc=39 connector=61 origin=0,0 size=0x0
